Running ExUnit with seed: 855591, max_cases: 64

HTML AFTER EDIT: "<div id=\"phx-GMCO8a3kUtV_cQMP\" data-phx-main=\"\" data-phx-session=\"SFMyNTY.g2gDaAJhBnQAAAAIdwJpZG0AAAAUcGh4LUdNQ084YTNrVXRWX2NRTVB3B3Nlc3Npb250AAAAAHcKcGFyZW50X3BpZHcDbmlsdwZyb3V0ZXJ3HEVsaXhpci5UaGFtYW5pRGF3YVdlYi5Sb3V0ZXJ3BHZpZXd3J0VsaXhpci5UaGFtYW5pRGF3YVdlYi5Qcm9kdWN0TGl2ZS5JbmRleHcIcm9vdF9waWR3A25pbHcJcm9vdF92aWV3dydFbGl4aXIuVGhhbWFuaURhd2FXZWIuUHJvZHVjdExpdmUuSW5kZXh3EWxpdmVfc2Vzc2lvbl9uYW1ldwhwaGFybWFjeW4GAKn9zkWfAWIAAVGA.uE8QDygiD7PiXfD-Lt77X_8oxfBEk7j33lMtMvJf4zA\" data-phx-static=\"SFMyNTY.g2gDaAJhBnQAAAADdwJpZG0AAAAUcGh4LUdNQ084YTNrVXRWX2NRTVB3BWZsYXNodAAAAAB3CmFzc2lnbl9uZXdsAAAAAXcNY3VycmVudF9zY29wZWpuBgCq_c5FnwFiAAFRgA.p13qIfaWQJYTGl3RHb66hBisc0LUqJsBgU1y6CnBEF0\"><div phx-r=\"\" class=\"min-h-screen\"><header class=\"navbar bg-base-200 px-4 sm:px-6 lg:px-8\"><div class=\"flex-1 flex items-center gap-4\"><a href=\"/\" class=\"font-semibold\">Thamani Dawa</a><span class=\"text-sm text-base-content/70\">All sites</span></div><nav class=\"flex-none\"><ul class=\"flex items-center gap-2\"><li><a phx-r=\"\" href=\"/org/team\" data-phx-link=\"redirect\" data-phx-link-state=\"push\" class=\"btn btn-ghost btn-sm\">Team</a></li><li><a phx-r=\"\" href=\"/org/sites\" data-phx-link=\"redirect\" data-phx-link-state=\"push\" class=\"btn btn-ghost btn-sm\">Sites</a></li><li><a phx-r=\"\" href=\"/pharmacy\" data-phx-link=\"redirect\" data-phx-link-state=\"push\" class=\"btn btn-ghost btn-sm\">Pharmacy</a></li><li><a phx-r=\"\" href=\"/lab\" data-phx-link=\"redirect\" data-phx-link-state=\"push\" class=\"btn btn-ghost btn-sm\">Lab</a></li><li><div phx-r=\"\" class=\"card relative flex flex-row items-center border-2 border-base-300 bg-base-300 rounded-full\"><div class=\"absolute w-1/3 h-full rounded-full border-1 border-base-200 bg-base-100 brightness-200 left-0 [[data-theme=light]_&amp;]:left-1/3 [[data-theme=dark]_&amp;]:left-2/3 [[data-theme-source=system]_&amp;]:!left-0 transition-[left]\"></div><button class=\"flex p-2 cursor-pointer w-1/3\" phx-click=\"[[&quot;dispatch&quot;,{&quot;event&quot;:&quot;phx:set-theme&quot;}]]\" data-phx-theme=\"system\"><span phx-r=\"\" class=\"hero-computer-desktop-micro size-4 opacity-75 hover:opacity-100\"></span></button><button class=\"flex p-2 cursor-pointer w-1/3\" phx-click=\"[[&quot;dispatch&quot;,{&quot;event&quot;:&quot;phx:set-theme&quot;}]]\" data-phx-theme=\"light\"><span phx-r=\"\" class=\"hero-sun-micro size-4 opacity-75 hover:opacity-100\"></span></button><button class=\"flex p-2 cursor-pointer w-1/3\" phx-click=\"[[&quot;dispatch&quot;,{&quot;event&quot;:&quot;phx:set-theme&quot;}]]\" data-phx-theme=\"dark\"><span phx-r=\"\" class=\"hero-moon-micro size-4 opacity-75 hover:opacity-100\"></span></button></div></li><li><a phx-r=\"\" href=\"/logout\" data-method=\"delete\" data-csrf=\"GEErLFU9BiIxJVVBWls2JAE1emYXF2MaT3huxqAsblg89jTjEx41nGZq\" data-to=\"/logout\" class=\"btn btn-ghost btn-sm\">Log out</a></li></ul></nav></header><main class=\"px-4 py-8 sm:px-6 lg:px-8\"><div class=\"mx-auto max-w-5xl space-y-4\"><header phx-r=\"\" class=\"flex items-center justify-between gap-6 pb-4\"><div><h1 class=\"text-lg font-semibold leading-8\">\n      \n    Product catalog\n    \n    </h1></div><div class=\"flex-none\"><a phx-r=\"\" href=\"/pharmacy/products/new\" data-phx-link=\"patch\" data-phx-link-state=\"push\" class=\"thamani-btn-primary\">\n  + Add product\n</a></div></header><div phx-r=\"\" class=\"card bg-base-200 mb-4\"><div class=\"card-body\"><h2 class=\"font-semibold mb-2\">\n        Edit product\n      </h2><form phx-submit=\"save\" id=\"product-form\"><div phx-r=\"\" class=\"mb-3\"><label for=\"product_site_id\"><span class=\"thamani-label\">\n      Site<span aria-hidden=\"true\" style=\"color: #b91c1c; margin-left: 2px;\">*</span></span><select id=\"product_site_id\" name=\"product[site_id]\" class=\"thamani-select border-red-600\" required=\"\"><option value=\"\">Choose a site</option><option value=\"3643\">Main Site -576460752303423345</option></select></label><p phx-r=\"\" class=\"mt-1.5 flex gap-2 items-center text-sm text-error\"><span phx-r=\"\" class=\"hero-exclamation-circle size-5\"></span>\n  can&#39;t be blank\n</p></div><div phx-r=\"\" class=\"mb-3\"><label for=\"product_price\"><span class=\"thamani-label\">\n      Price<span aria-hidden=\"true\" style" <> ...


  1) test index edits an existing product (ThamaniDawaWeb.ProductLiveTest)
     test/thamani_dawa_web/live/product_live_test.exs:49
     Assertion with =~ failed
     code:  assert html =~ "Product updated."
     left:  "<div id=\"phx-GMCO8a3kUtV_cQMP\" data-phx-main=\"\" data-phx-session=\"SFMyNTY.g2gDaAJhBnQAAAAIdwJpZG0AAAAUcGh4LUdNQ084YTNrVXRWX2NRTVB3B3Nlc3Npb250AAAAAHcKcGFyZW50X3BpZHcDbmlsdwZyb3V0ZXJ3HEVsaXhpci5UaGFtYW5pRGF3YVdlYi5Sb3V0ZXJ3BHZpZXd3J0VsaXhpci5UaGFtYW5pRGF3YVdlYi5Qcm9kdWN0TGl2ZS5JbmRleHcIcm9vdF9waWR3A25pbHcJcm9vdF92aWV3dydFbGl4aXIuVGhhbWFuaURhd2FXZWIuUHJvZHVjdExpdmUuSW5kZXh3EWxpdmVfc2Vzc2lvbl9uYW1ldwhwaGFybWFjeW4GAKn9zkWfAWIAAVGA.uE8QDygiD7PiXfD-Lt77X_8oxfBEk7j33lMtMvJf4zA\" data-phx-static=\"SFMyNTY.g2gDaAJhBnQAAAADdwJpZG0AAAAUcGh4LUdNQ084YTNrVXRWX2NRTVB3BWZsYXNodAAAAAB3CmFzc2lnbl9uZXdsAAAAAXcNY3VycmVudF9zY29wZWpuBgCq_c5FnwFiAAFRgA.p13qIfaWQJYTGl3RHb66hBisc0LUqJsBgU1y6CnBEF0\"><div phx-r=\"\" class=\"min-h-screen\"><header class=\"navbar bg-base-200 px-4 sm:px-6 lg:px-8\"><div class=\"flex-1 flex items-center gap-4\"><a href=\"/\" class=\"font-semibold\">Thamani Dawa</a><span class=\"text-sm text-base-content/70\">All sites</span></div><nav class=\"flex-none\"><ul class=\"flex items-center gap-2\"><li><a phx-r=\"\" href=\"/org/team\" data-phx-link=\"redirect\" data-phx-link-state=\"push\" class=\"btn btn-ghost btn-sm\">Team</a></li><li><a phx-r=\"\" href=\"/org/sites\" data-phx-link=\"redirect\" data-phx-link-state=\"push\" class=\"btn btn-ghost btn-sm\">Sites</a></li><li><a phx-r=\"\" href=\"/pharmacy\" data-phx-link=\"redirect\" data-phx-link-state=\"push\" class=\"btn btn-ghost btn-sm\">Pharmacy</a></li><li><a phx-r=\"\" href=\"/lab\" data-phx-link=\"redirect\" data-phx-link-state=\"push\" class=\"btn btn-ghost btn-sm\">Lab</a></li><li><div phx-r=\"\" class=\"card relative flex flex-row items-center border-2 border-base-300 bg-base-300 rounded-full\"><div class=\"absolute w-1/3 h-full rounded-full border-1 border-base-200 bg-base-100 brightness-200 left-0 [[data-theme=light]_&amp;]:left-1/3 [[data-theme=dark]_&amp;]:left-2/3 [[data-theme-source=system]_&amp;]:!left-0 transition-[left]\"></div><button class=\"flex p-2 cursor-pointer w-1/3\" phx-click=\"[[&quot;dispatch&quot;,{&quot;event&quot;:&quot;phx:set-theme&quot;}]]\" data-phx-theme=\"system\"><span phx-r=\"\" class=\"hero-computer-desktop-micro size-4 opacity-75 hover:opacity-100\"></span></button><button class=\"flex p-2 cursor-pointer w-1/3\" phx-click=\"[[&quot;dispatch&quot;,{&quot;event&quot;:&quot;phx:set-theme&quot;}]]\" data-phx-theme=\"light\"><span phx-r=\"\" class=\"hero-sun-micro size-4 opacity-75 hover:opacity-100\"></span></button><button class=\"flex p-2 cursor-pointer w-1/3\" phx-click=\"[[&quot;dispatch&quot;,{&quot;event&quot;:&quot;phx:set-theme&quot;}]]\" data-phx-theme=\"dark\"><span phx-r=\"\" class=\"hero-moon-micro size-4 opacity-75 hover:opacity-100\"></span></button></div></li><li><a phx-r=\"\" href=\"/logout\" data-method=\"delete\" data-csrf=\"GEErLFU9BiIxJVVBWls2JAE1emYXF2MaT3huxqAsblg89jTjEx41nGZq\" data-to=\"/logout\" class=\"btn btn-ghost btn-sm\">Log out</a></li></ul></nav></header><main class=\"px-4 py-8 sm:px-6 lg:px-8\"><div class=\"mx-auto max-w-5xl space-y-4\"><header phx-r=\"\" class=\"flex items-center justify-between gap-6 pb-4\"><div><h1 class=\"text-lg font-semibold leading-8\">\n      \n    Product catalog\n    \n    </h1></div><div class=\"flex-none\"><a phx-r=\"\" href=\"/pharmacy/products/new\" data-phx-link=\"patch\" data-phx-link-state=\"push\" class=\"thamani-btn-primary\">\n  + Add product\n</a></div></header><div phx-r=\"\" class=\"card bg-base-200 mb-4\"><div class=\"card-body\"><h2 class=\"font-semibold mb-2\">\n        Edit product\n      </h2><form phx-submit=\"save\" id=\"product-form\"><div phx-r=\"\" class=\"mb-3\"><label for=\"product_site_id\"><span class=\"thamani-label\">\n      Site<span aria-hidden=\"true\" style=\"color: #b91c1c; margin-left: 2px;\">*</span></span><select id=\"product_site_id\" name=\"product[site_id]\" class=\"thamani-select border-red-600\" required=\"\"><option value=\"\">Choose a site</option><option value=\"3643\">Main Site -576460752303423345</option></select></label><p phx-r=\"\" class=\"mt-1.5 flex gap-2 items-center text-sm text-error\"><span phx-r=\"\" class=\"hero-exclamation-circle size-5\"></span>\n  can&#39;t be blank\n</p></div><div phx-r=\"\" class=\"mb-3\"><label for=\"product_price\"><span class=\"thamani-label\">\n      Price<span aria-hidden=\"true\" style" <> ...
     right: "Product updated."
     stacktrace:
       test/thamani_dawa_web/live/product_live_test.exs:65: (test)

HTML AFTER CREATE: "<div id=\"phx-GMCO8bgV5z-uiwaP\" data-phx-main=\"\" data-phx-session=\"SFMyNTY.g2gDaAJhBnQAAAAIdwJpZG0AAAAUcGh4LUdNQ084YmdWNXotdWl3YVB3B3Nlc3Npb250AAAAAHcKcGFyZW50X3BpZHcDbmlsdwZyb3V0ZXJ3HEVsaXhpci5UaGFtYW5pRGF3YVdlYi5Sb3V0ZXJ3BHZpZXd3J0VsaXhpci5UaGFtYW5pRGF3YVdlYi5Qcm9kdWN0TGl2ZS5JbmRleHcIcm9vdF9waWR3A25pbHcJcm9vdF92aWV3dydFbGl4aXIuVGhhbWFuaURhd2FXZWIuUHJvZHVjdExpdmUuSW5kZXh3EWxpdmVfc2Vzc2lvbl9uYW1ldwhwaGFybWFjeW4GAFL-zkWfAWIAAVGA.NdzTtwFFeArbsjn05hFUz0ZR6SI-2vsQWOdADq_JLj0\" data-phx-static=\"SFMyNTY.g2gDaAJhBnQAAAADdwJpZG0AAAAUcGh4LUdNQ084YmdWNXotdWl3YVB3BWZsYXNodAAAAAB3CmFzc2lnbl9uZXdsAAAAAXcNY3VycmVudF9zY29wZWpuBgBS_s5FnwFiAAFRgA.zukPFTYSXPj4jVOdKZUbIrTowV2VRFQ9mj5QYOmbZ0g\"><div phx-r=\"\" class=\"min-h-screen\"><header class=\"navbar bg-base-200 px-4 sm:px-6 lg:px-8\"><div class=\"flex-1 flex items-center gap-4\"><a href=\"/\" class=\"font-semibold\">Thamani Dawa</a><span class=\"text-sm text-base-content/70\">All sites</span></div><nav class=\"flex-none\"><ul class=\"flex items-center gap-2\"><li><a phx-r=\"\" href=\"/org/team\" data-phx-link=\"redirect\" data-phx-link-state=\"push\" class=\"btn btn-ghost btn-sm\">Team</a></li><li><a phx-r=\"\" href=\"/org/sites\" data-phx-link=\"redirect\" data-phx-link-state=\"push\" class=\"btn btn-ghost btn-sm\">Sites</a></li><li><a phx-r=\"\" href=\"/pharmacy\" data-phx-link=\"redirect\" data-phx-link-state=\"push\" class=\"btn btn-ghost btn-sm\">Pharmacy</a></li><li><a phx-r=\"\" href=\"/lab\" data-phx-link=\"redirect\" data-phx-link-state=\"push\" class=\"btn btn-ghost btn-sm\">Lab</a></li><li><div phx-r=\"\" class=\"card relative flex flex-row items-center border-2 border-base-300 bg-base-300 rounded-full\"><div class=\"absolute w-1/3 h-full rounded-full border-1 border-base-200 bg-base-100 brightness-200 left-0 [[data-theme=light]_&amp;]:left-1/3 [[data-theme=dark]_&amp;]:left-2/3 [[data-theme-source=system]_&amp;]:!left-0 transition-[left]\"></div><button class=\"flex p-2 cursor-pointer w-1/3\" phx-click=\"[[&quot;dispatch&quot;,{&quot;event&quot;:&quot;phx:set-theme&quot;}]]\" data-phx-theme=\"system\"><span phx-r=\"\" class=\"hero-computer-desktop-micro size-4 opacity-75 hover:opacity-100\"></span></button><button class=\"flex p-2 cursor-pointer w-1/3\" phx-click=\"[[&quot;dispatch&quot;,{&quot;event&quot;:&quot;phx:set-theme&quot;}]]\" data-phx-theme=\"light\"><span phx-r=\"\" class=\"hero-sun-micro size-4 opacity-75 hover:opacity-100\"></span></button><button class=\"flex p-2 cursor-pointer w-1/3\" phx-click=\"[[&quot;dispatch&quot;,{&quot;event&quot;:&quot;phx:set-theme&quot;}]]\" data-phx-theme=\"dark\"><span phx-r=\"\" class=\"hero-moon-micro size-4 opacity-75 hover:opacity-100\"></span></button></div></li><li><a phx-r=\"\" href=\"/logout\" data-method=\"delete\" data-csrf=\"HwMLZH0YZBIiWh8THRU-Oj8GI2xiNStdr0oW1QRQq4xjtefcNel-0A_n\" data-to=\"/logout\" class=\"btn btn-ghost btn-sm\">Log out</a></li></ul></nav></header><main class=\"px-4 py-8 sm:px-6 lg:px-8\"><div class=\"mx-auto max-w-5xl space-y-4\"><header phx-r=\"\" class=\"flex items-center justify-between gap-6 pb-4\"><div><h1 class=\"text-lg font-semibold leading-8\">\n      \n    Product catalog\n    \n    </h1></div><div class=\"flex-none\"><a phx-r=\"\" href=\"/pharmacy/products/new\" data-phx-link=\"patch\" data-phx-link-state=\"push\" class=\"thamani-btn-primary\">\n  + Add product\n</a></div></header><div phx-r=\"\" class=\"card bg-base-200 mb-4\"><div class=\"card-body\"><h2 class=\"font-semibold mb-2\">\n        Add a product\n      </h2><form phx-submit=\"save\" id=\"product-form\"><div phx-r=\"\" class=\"mb-3\"><label for=\"product_site_id\"><span class=\"thamani-label\">\n      Site<span aria-hidden=\"true\" style=\"color: #b91c1c; margin-left: 2px;\">*</span></span><select id=\"product_site_id\" name=\"product[site_id]\" class=\"thamani-select\" required=\"\"><option value=\"\">Choose a site</option><option value=\"3644\">Main Site -576460752303422193</option></select></label></div><div phx-r=\"\" class=\"mb-3\"><label for=\"product_price\"><span class=\"thamani-label\">\n      Price<span aria-hidden=\"true\" style=\"color: #b91c1c; margin-left: 2px;\">*</span></span><input type=\"number\" name=\"product[price]\" id=\"product_price\" class=\"thamani-input\" required=\"\"/></label></div><div phx" <> ...


  2) test index creates a new product (ThamaniDawaWeb.ProductLiveTest)
     test/thamani_dawa_web/live/product_live_test.exs:24
     Assertion with =~ failed
     code:  assert html =~ "Product created."
     left:  "<div id=\"phx-GMCO8bgV5z-uiwaP\" data-phx-main=\"\" data-phx-session=\"SFMyNTY.g2gDaAJhBnQAAAAIdwJpZG0AAAAUcGh4LUdNQ084YmdWNXotdWl3YVB3B3Nlc3Npb250AAAAAHcKcGFyZW50X3BpZHcDbmlsdwZyb3V0ZXJ3HEVsaXhpci5UaGFtYW5pRGF3YVdlYi5Sb3V0ZXJ3BHZpZXd3J0VsaXhpci5UaGFtYW5pRGF3YVdlYi5Qcm9kdWN0TGl2ZS5JbmRleHcIcm9vdF9waWR3A25pbHcJcm9vdF92aWV3dydFbGl4aXIuVGhhbWFuaURhd2FXZWIuUHJvZHVjdExpdmUuSW5kZXh3EWxpdmVfc2Vzc2lvbl9uYW1ldwhwaGFybWFjeW4GAFL-zkWfAWIAAVGA.NdzTtwFFeArbsjn05hFUz0ZR6SI-2vsQWOdADq_JLj0\" data-phx-static=\"SFMyNTY.g2gDaAJhBnQAAAADdwJpZG0AAAAUcGh4LUdNQ084YmdWNXotdWl3YVB3BWZsYXNodAAAAAB3CmFzc2lnbl9uZXdsAAAAAXcNY3VycmVudF9zY29wZWpuBgBS_s5FnwFiAAFRgA.zukPFTYSXPj4jVOdKZUbIrTowV2VRFQ9mj5QYOmbZ0g\"><div phx-r=\"\" class=\"min-h-screen\"><header class=\"navbar bg-base-200 px-4 sm:px-6 lg:px-8\"><div class=\"flex-1 flex items-center gap-4\"><a href=\"/\" class=\"font-semibold\">Thamani Dawa</a><span class=\"text-sm text-base-content/70\">All sites</span></div><nav class=\"flex-none\"><ul class=\"flex items-center gap-2\"><li><a phx-r=\"\" href=\"/org/team\" data-phx-link=\"redirect\" data-phx-link-state=\"push\" class=\"btn btn-ghost btn-sm\">Team</a></li><li><a phx-r=\"\" href=\"/org/sites\" data-phx-link=\"redirect\" data-phx-link-state=\"push\" class=\"btn btn-ghost btn-sm\">Sites</a></li><li><a phx-r=\"\" href=\"/pharmacy\" data-phx-link=\"redirect\" data-phx-link-state=\"push\" class=\"btn btn-ghost btn-sm\">Pharmacy</a></li><li><a phx-r=\"\" href=\"/lab\" data-phx-link=\"redirect\" data-phx-link-state=\"push\" class=\"btn btn-ghost btn-sm\">Lab</a></li><li><div phx-r=\"\" class=\"card relative flex flex-row items-center border-2 border-base-300 bg-base-300 rounded-full\"><div class=\"absolute w-1/3 h-full rounded-full border-1 border-base-200 bg-base-100 brightness-200 left-0 [[data-theme=light]_&amp;]:left-1/3 [[data-theme=dark]_&amp;]:left-2/3 [[data-theme-source=system]_&amp;]:!left-0 transition-[left]\"></div><button class=\"flex p-2 cursor-pointer w-1/3\" phx-click=\"[[&quot;dispatch&quot;,{&quot;event&quot;:&quot;phx:set-theme&quot;}]]\" data-phx-theme=\"system\"><span phx-r=\"\" class=\"hero-computer-desktop-micro size-4 opacity-75 hover:opacity-100\"></span></button><button class=\"flex p-2 cursor-pointer w-1/3\" phx-click=\"[[&quot;dispatch&quot;,{&quot;event&quot;:&quot;phx:set-theme&quot;}]]\" data-phx-theme=\"light\"><span phx-r=\"\" class=\"hero-sun-micro size-4 opacity-75 hover:opacity-100\"></span></button><button class=\"flex p-2 cursor-pointer w-1/3\" phx-click=\"[[&quot;dispatch&quot;,{&quot;event&quot;:&quot;phx:set-theme&quot;}]]\" data-phx-theme=\"dark\"><span phx-r=\"\" class=\"hero-moon-micro size-4 opacity-75 hover:opacity-100\"></span></button></div></li><li><a phx-r=\"\" href=\"/logout\" data-method=\"delete\" data-csrf=\"HwMLZH0YZBIiWh8THRU-Oj8GI2xiNStdr0oW1QRQq4xjtefcNel-0A_n\" data-to=\"/logout\" class=\"btn btn-ghost btn-sm\">Log out</a></li></ul></nav></header><main class=\"px-4 py-8 sm:px-6 lg:px-8\"><div class=\"mx-auto max-w-5xl space-y-4\"><header phx-r=\"\" class=\"flex items-center justify-between gap-6 pb-4\"><div><h1 class=\"text-lg font-semibold leading-8\">\n      \n    Product catalog\n    \n    </h1></div><div class=\"flex-none\"><a phx-r=\"\" href=\"/pharmacy/products/new\" data-phx-link=\"patch\" data-phx-link-state=\"push\" class=\"thamani-btn-primary\">\n  + Add product\n</a></div></header><div phx-r=\"\" class=\"card bg-base-200 mb-4\"><div class=\"card-body\"><h2 class=\"font-semibold mb-2\">\n        Add a product\n      </h2><form phx-submit=\"save\" id=\"product-form\"><div phx-r=\"\" class=\"mb-3\"><label for=\"product_site_id\"><span class=\"thamani-label\">\n      Site<span aria-hidden=\"true\" style=\"color: #b91c1c; margin-left: 2px;\">*</span></span><select id=\"product_site_id\" name=\"product[site_id]\" class=\"thamani-select\" required=\"\"><option value=\"\">Choose a site</option><option value=\"3644\">Main Site -576460752303422193</option></select></label></div><div phx-r=\"\" class=\"mb-3\"><label for=\"product_price\"><span class=\"thamani-label\">\n      Price<span aria-hidden=\"true\" style=\"color: #b91c1c; margin-left: 2px;\">*</span></span><input type=\"number\" name=\"product[price]\" id=\"product_price\" class=\"thamani-input\" required=\"\"/></label></div><div phx" <> ...
     right: "Product created."
     stacktrace:
       test/thamani_dawa_web/live/product_live_test.exs:45: (test)

...
Finished in 1.0 seconds (1.0s async, 0.00s sync)

Result: 3/5 passed
Failed: 2 tests
